============================= test session starts ==============================
platform darwin -- Python 3.12.4, pytest-8.3.4, pluggy-1.6.0 -- /opt/anaconda3/bin/python
cachedir: .pytest_cache
rootdir: /Users/ayushmansahoo/Documents/GitHub/Telco-RCA
plugins: anyio-4.2.0
collecting ... collected 47 items

tests/test_environment.py::TestEnvironmentReset::test_reset_returns_observation PASSED [  2%]
tests/test_environment.py::TestEnvironmentReset::test_reset_produces_alarms PASSED [  4%]
tests/test_environment.py::TestEnvironmentReset::test_hard_reset PASSED  [  6%]
tests/test_environment.py::TestEnvironmentReset::test_medium_reset PASSED [  8%]
tests/test_environment.py::TestEnvironmentReset::test_invalid_task_raises PASSED [ 10%]
tests/test_environment.py::TestEnvironmentReset::test_reset_with_seed_deterministic PASSED [ 12%]
tests/test_environment.py::TestEnvironmentReset::test_network_summary_in_observation PASSED [ 14%]
tests/test_environment.py::TestTopology::test_easy_node_count PASSED     [ 17%]
tests/test_environment.py::TestTopology::test_medium_node_count PASSED   [ 19%]
tests/test_environment.py::TestTopology::test_hard_node_count PASSED     [ 21%]
tests/test_environment.py::TestTopology::test_parent_child_consistency PASSED [ 23%]
tests/test_environment.py::TestTopology::test_topology_has_all_layers PASSED [ 25%]
tests/test_environment.py::TestTopology::test_power_units_are_roots PASSED [ 27%]
tests/test_environment.py::TestTopology::test_edges_match_children PASSED [ 29%]
tests/test_environment.py::TestTopology::test_regions_cover_all_nodes PASSED [ 31%]
tests/test_environment.py::TestEnvironmentStep::test_check_logs_action PASSED [ 34%]
tests/test_environment.py::TestEnvironmentStep::test_check_voltage_action PASSED [ 36%]
tests/test_environment.py::TestEnvironmentStep::test_trace_path_action PASSED [ 38%]
tests/test_environment.py::TestEnvironmentStep::test_invalid_node_penalty PASSED [ 40%]
tests/test_environment.py::TestEnvironmentStep::test_episode_terminates_on_correct_restart PASSED [ 42%]
tests/test_environment.py::TestEnvironmentStep::test_false_positive_on_wrong_restart PASSED [ 44%]
tests/test_environment.py::TestEnvironmentStep::test_correct_diagnose PASSED [ 46%]
tests/test_environment.py::TestEnvironmentStep::test_wrong_diagnose PASSED [ 48%]
tests/test_environment.py::TestEnvironmentStep::test_step_before_reset_raises PASSED [ 51%]
tests/test_environment.py::TestEnvironmentStep::test_step_after_done_raises PASSED [ 53%]
tests/test_environment.py::TestEnvironmentStep::test_max_steps_terminates PASSED [ 55%]
tests/test_environment.py::TestEnvironmentStep::test_voltage_root_cause_is_critical PASSED [ 57%]
tests/test_environment.py::TestGraders::test_score_range PASSED          [ 59%]
tests/test_environment.py::TestGraders::test_zero_score_on_failure PASSED [ 61%]
tests/test_environment.py::TestGraders::test_better_score_fewer_steps PASSED [ 63%]
tests/test_environment.py::TestGraders::test_fp_penalty_reduces_score PASSED [ 65%]
tests/test_environment.py::TestGraders::test_grade_episode_breakdown PASSED [ 68%]
tests/test_environment.py::TestGraders::test_deterministic PASSED        [ 70%]
tests/test_environment.py::TestGraders::test_perfect_score PASSED        [ 72%]
tests/test_environment.py::TestGraders::test_diagnosis_also_scores PASSED [ 74%]
tests/test_environment.py::TestGraders::test_many_fps_cap_penalty PASSED [ 76%]
tests/test_environment.py::TestStateEndpoint::test_state_before_reset PASSED [ 78%]
tests/test_environment.py::TestStateEndpoint::test_state_after_reset PASSED [ 80%]
tests/test_environment.py::TestStateEndpoint::test_state_tracks_steps PASSED [ 82%]
tests/test_environment.py::TestStateEndpoint::test_state_tracks_checked_nodes PASSED [ 85%]
tests/test_environment.py::TestModels::test_task_configs_exist PASSED    [ 87%]
tests/test_environment.py::TestModels::test_task_config_fields PASSED    [ 89%]
tests/test_environment.py::TestModels::test_agent_action_validation PASSED [ 91%]
tests/test_environment.py::TestModels::test_alarm_model PASSED           [ 93%]
tests/test_environment.py::TestIntegration::test_full_easy_episode PASSED [ 95%]
tests/test_environment.py::TestIntegration::test_full_medium_episode_with_investigation PASSED [ 97%]
tests/test_environment.py::TestIntegration::test_hard_episode_generates_many_alarms PASSED [100%]

============================== 47 passed in 2.57s ==============================
